// Jest Snapshot v1, https://goo.gl/fbAQLP

exports[`<Repos /> renders > with initial user 1`] = `
<div
  className="repos"
>
  Sorry but we couldn't find this user ;-(
</div>
`;

exports[`<Repos /> renders 1`] = `
<div
  className="repos"
>
  <div
    className="disclamer"
  >
    <div
      className="info"
    >
      Hey, 
      Vegeta
       has 
      2
       repositories.
    </div>
    <div
      className="sorter"
    >
      Sort by:
      <OptionSelect
        customClassName=""
        disabled={false}
        id="sortRepos"
        initialValue=""
        onChange={[Function]}
        options={
          Array [
            Object {
              "label": "Name",
              "value": "name",
            },
            Object {
              "label": "Updated",
              "value": "updated",
            },
            Object {
              "label": "Stars",
              "value": "stars",
            },
          ]
        }
      />
    </div>
  </div>
  <div
    className="reposList"
  >
    <div
      className="reposListItem"
      key="4521396"
    >
      <RepoCard
        customClassName=""
        description="JClip is a new way to make animations and control jpegs, you can use as a \\"gif\\" file or control like a Flash Movieclip."
        id="4521396"
        language="JavaScript"
        linkFinderPath="Vegeta/jclip d asdnlkasdkas dlaks dlkas dlkas d lkda"
        name="jclip d asdnlkasdkas dlaks dlkas dlkas d lkda"
        stars={1}
        title="jclip d asdnlkasdkas dlaks dlkas dlkas d lkda"
      />
    </div>
    <div
      className="reposListItem"
      key="58581481"
    >
      <RepoCard
        customClassName=""
        description="Some tests with alias"
        id="58581481"
        language="Not declared"
        linkFinderPath="Vegeta/git-alias"
        name="git-alias"
        stars={0}
        title="git-alias"
      />
    </div>
  </div>
</div>
`;
