// Jest Snapshot v1, https://goo.gl/fbAQLP

exports[`<CommitsList /> renders 1`] = `
<div
  className="commitsList"
>
  <p>
    List of commits:
  </p>
  <div
    className="commitsReport"
  >
    <Report
      customClassName=""
      id="commits-report"
      list={
        Array [
          Object {
            "cells": Array [
              Object {
                "content": <a
                  href="https://github.com/artusi/jclip/commit/e3eff3dc09b004a45aeb19db66d403a482163922"
                  rel="noopener noreferrer"
                  target="_blank"
                  title="Go to commit -> e3eff3dc09b004a45aeb19db66d403a482163922"
                >
                  e3eff3dc09
                </a>,
                "customClass": "idCell",
              },
              Object {
                "content": "Merge pull request #3 from adriancmiranda/patch-1

Update README.md",
                "customClass": "descriptionCell",
              },
              Object {
                "content": "Rafael Artusi",
                "customClass": "authorCell",
              },
            ],
            "id": "e3eff3dc09b004a45aeb19db66d403a482163922",
          },
          Object {
            "cells": Array [
              Object {
                "content": <a
                  href="https://github.com/artusi/jclip/commit/2bb637c960af94a9c5436849a3aa73dfdf36fc88"
                  rel="noopener noreferrer"
                  target="_blank"
                  title="Go to commit -> 2bb637c960af94a9c5436849a3aa73dfdf36fc88"
                >
                  2bb637c960
                </a>,
                "customClass": "idCell",
              },
              Object {
                "content": "Update README.md",
                "customClass": "descriptionCell",
              },
              Object {
                "content": "Adrian Miranda",
                "customClass": "authorCell",
              },
            ],
            "id": "2bb637c960af94a9c5436849a3aa73dfdf36fc88",
          },
        ]
      }
    />
  </div>
</div>
`;
